Archive member included to satisfy reference by file (symbol)

../drivers\libIotLibrary.a(display_7seg.o)
                              main.o (display_7seg_displayHex)
../drivers\libIotLibrary.a(hih8120.o)
                              main.o (hih8120_initialise)
../drivers\libIotLibrary.a(lora_driver.o)
                              LoRaWANHandler.o (lora_driver_flushBuffers)
../drivers\libIotLibrary.a(lora_driver_utils.o)
                              ../drivers\libIotLibrary.a(lora_driver.o) (decode_port_no)
../drivers\libIotLibrary.a(serial.o)
                              ../drivers\libIotLibrary.a(lora_driver.o) (serial_create)
../drivers\libIotLibrary.a(stdio_driver.o)
                              main.o (stdio_initialise)
../drivers\libIotLibrary.a(spi_iha.o)
                              ../drivers\libIotLibrary.a(display_7seg.o) (spi_create)
../drivers\libIotLibrary.a(status_leds.o)
                              main.o (status_leds_initialise)
../drivers\libIotLibrary.a(twi.o)
                              ../drivers\libIotLibrary.a(hih8120.o) (twiCreate)
../drivers\libIotLibrary.a(fifo.o)
                              ../drivers\libIotLibrary.a(serial.o) (fifo_init)
c:/program files (x86)/atmel/studio/7.0/toolchain/avr8/avr8-gnu-toolchain/bin/../lib/gcc/avr/5.4.0/../../../../avr/lib/avr6\libm.a(addsf3.o)
                              ../drivers\libIotLibrary.a(hih8120.o) (__subsf3)
c:/program files (x86)/atmel/studio/7.0/toolchain/avr8/avr8-gnu-toolchain/bin/../lib/gcc/avr/5.4.0/../../../../avr/lib/avr6\libm.a(addsf3x.o)
                              c:/program files (x86)/atmel/studio/7.0/toolchain/avr8/avr8-gnu-toolchain/bin/../lib/gcc/avr/5.4.0/../../../../avr/lib/avr6\libm.a(addsf3.o) (__addsf3x)
c:/program files (x86)/atmel/studio/7.0/toolchain/avr8/avr8-gnu-toolchain/bin/../lib/gcc/avr/5.4.0/../../../../avr/lib/avr6\libm.a(divsf3.o)
                              ../drivers\libIotLibrary.a(hih8120.o) (__divsf3)
c:/program files (x86)/atmel/studio/7.0/toolchain/avr8/avr8-gnu-toolchain/bin/../lib/gcc/avr/5.4.0/../../../../avr/lib/avr6\libm.a(divsf3x.o)
                              c:/program files (x86)/atmel/studio/7.0/toolchain/avr8/avr8-gnu-toolchain/bin/../lib/gcc/avr/5.4.0/../../../../avr/lib/avr6\libm.a(divsf3.o) (__divsf3x)
c:/program files (x86)/atmel/studio/7.0/toolchain/avr8/avr8-gnu-toolchain/bin/../lib/gcc/avr/5.4.0/../../../../avr/lib/avr6\libm.a(fixsfsi.o)
                              ../drivers\libIotLibrary.a(display_7seg.o) (__fixsfsi)
c:/program files (x86)/atmel/studio/7.0/toolchain/avr8/avr8-gnu-toolchain/bin/../lib/gcc/avr/5.4.0/../../../../avr/lib/avr6\libm.a(fixunssfsi.o)
                              ../drivers\libIotLibrary.a(hih8120.o) (__fixunssfsi)
c:/program files (x86)/atmel/studio/7.0/toolchain/avr8/avr8-gnu-toolchain/bin/../lib/gcc/avr/5.4.0/../../../../avr/lib/avr6\libm.a(floatsisf.o)
                              ../drivers\libIotLibrary.a(display_7seg.o) (__floatunsisf)
c:/program files (x86)/atmel/studio/7.0/toolchain/avr8/avr8-gnu-toolchain/bin/../lib/gcc/avr/5.4.0/../../../../avr/lib/avr6\libm.a(floor.o)
                              ../drivers\libIotLibrary.a(display_7seg.o) (floor)
c:/program files (x86)/atmel/studio/7.0/toolchain/avr8/avr8-gnu-toolchain/bin/../lib/gcc/avr/5.4.0/../../../../avr/lib/avr6\libm.a(fp_inf.o)
                              c:/program files (x86)/atmel/studio/7.0/toolchain/avr8/avr8-gnu-toolchain/bin/../lib/gcc/avr/5.4.0/../../../../avr/lib/avr6\libm.a(addsf3x.o) (__fp_inf)
c:/program files (x86)/atmel/studio/7.0/toolchain/avr8/avr8-gnu-toolchain/bin/../lib/gcc/avr/5.4.0/../../../../avr/lib/avr6\libm.a(fp_mintl.o)
                              c:/program files (x86)/atmel/studio/7.0/toolchain/avr8/avr8-gnu-toolchain/bin/../lib/gcc/avr/5.4.0/../../../../avr/lib/avr6\libm.a(floor.o) (__fp_mintl)
c:/program files (x86)/atmel/studio/7.0/toolchain/avr8/avr8-gnu-toolchain/bin/../lib/gcc/avr/5.4.0/../../../../avr/lib/avr6\libm.a(fp_mpack.o)
                              c:/program files (x86)/atmel/studio/7.0/toolchain/avr8/avr8-gnu-toolchain/bin/../lib/gcc/avr/5.4.0/../../../../avr/lib/avr6\libm.a(floor.o) (__fp_mpack)
c:/program files (x86)/atmel/studio/7.0/toolchain/avr8/avr8-gnu-toolchain/bin/../lib/gcc/avr/5.4.0/../../../../avr/lib/avr6\libm.a(fp_nan.o)
                              c:/program files (x86)/atmel/studio/7.0/toolchain/avr8/avr8-gnu-toolchain/bin/../lib/gcc/avr/5.4.0/../../../../avr/lib/avr6\libm.a(addsf3x.o) (__fp_nan)
c:/program files (x86)/atmel/studio/7.0/toolchain/avr8/avr8-gnu-toolchain/bin/../lib/gcc/avr/5.4.0/../../../../avr/lib/avr6\libm.a(fp_pscA.o)
                              c:/program files (x86)/atmel/studio/7.0/toolchain/avr8/avr8-gnu-toolchain/bin/../lib/gcc/avr/5.4.0/../../../../avr/lib/avr6\libm.a(addsf3x.o) (__fp_pscA)
c:/program files (x86)/atmel/studio/7.0/toolchain/avr8/avr8-gnu-toolchain/bin/../lib/gcc/avr/5.4.0/../../../../avr/lib/avr6\libm.a(fp_pscB.o)
[...]
Memory Configuration

Name             Origin             Length             Attributes
text             0x00000000         0x00040000         xr
data             0x00800200         0x00002000         rw !x
eeprom           0x00810000         0x00001000         rw !x
fuse             0x00820000         0x00000003         rw !x
lock             0x00830000         0x00000400         rw !x
signature        0x00840000         0x00000400         rw !x
user_signatures  0x00850000         0x00000400         rw !x
*default*        0x00000000         0xffffffff

Linker script and memory map

Address of section .data set to 0x800200
LOAD C:/Program Files (x86)/Atmel/Studio/7.0/Packs/atmel/ATmega_DFP/1.7.374/gcc/dev/atmega2560/avr6/crtatmega2560.o
LOAD FreeRTOS/FreeRTOSTraceDriver/FreeRTOSTraceDriver.o
LOAD FreeRTOS/src/croutine.o
LOAD FreeRTOS/src/event_groups.o
LOAD FreeRTOS/src/heap_4.o
LOAD FreeRTOS/src/list.o
LOAD FreeRTOS/src/port.o
LOAD FreeRTOS/src/queue.o
LOAD FreeRTOS/src/stream_buffer.o
LOAD FreeRTOS/src/tasks.o
LOAD FreeRTOS/src/timers.o
LOAD FreeRTOS/src/variantHooks.o
LOAD LoRaWANHandler.o
LOAD main.o
START GROUP
LOAD c:/program files (x86)/atmel/studio/7.0/toolchain/avr8/avr8-gnu-toolchain/bin/../lib/gcc/avr/5.4.0/../../../../avr/lib/avr6\libm.a
LOAD ../drivers\libIotLibrary.a
END GROUP
START GROUP
LOAD c:/program files (x86)/atmel/studio/7.0/toolchain/avr8/avr8-gnu-toolchain/bin/../lib/gcc/avr/5.4.0/avr6\libgcc.a
LOAD c:/program files (x86)/atmel/studio/7.0/toolchain/avr8/avr8-gnu-toolchain/bin/../lib/gcc/avr/5.4.0/../../../../avr/lib/avr6\libm.a
LOAD c:/program files (x86)/atmel/studio/7.0/toolchain/avr8/avr8-gnu-toolchain/bin/../lib/gcc/avr/5.4.0/../../../../avr/lib/avr6\libc.a
LOAD C:/Program Files (x86)/Atmel/Studio/7.0/Packs/atmel/ATmega_DFP/1.7.374/gcc/dev/atmega2560/avr6\libatmega2560.a
END GROUP
                0x00000000                __TEXT_REGION_ORIGIN__ = DEFINED (__TEXT_REGION_ORIGIN__)?__TEXT_REGION_ORIGIN__:0x0
                [0x00800200]                __DATA_REGION_ORIGIN__ = DEFINED (__DATA_REGION_ORIGIN__)?__DATA_REGION_ORIGIN__:0x800200
                [0x00040000]                __TEXT_REGION_LENGTH__ = DEFINED (__TEXT_REGION_LENGTH__)?__TEXT_REGION_LENGTH__:0x100000
                [0x00002000]                __DATA_REGION_LENGTH__ = DEFINED (__DATA_REGION_LENGTH__)?__DATA_REGION_LENGTH__:0xfe00
                [0x00001000]                __EEPROM_REGION_LENGTH__ = DEFINED (__EEPROM_REGION_LENGTH__)?__EEPROM_REGION_LENGTH__:0x10000
                [0x00000003]                __FUSE_REGION_LENGTH__ = DEFINED (__FUSE_REGION_LENGTH__)?__FUSE_REGION_LENGTH__:0x400
                0x00000400                __LOCK_REGION_LENGTH__ = DEFINED (__LOCK_REGION_LENGTH__)?__LOCK_REGION_LENGTH__:0x400
                0x00000400                __SIGNATURE_REGION_LENGTH__ = DEFINED (__SIGNATURE_REGION_LENGTH__)?__SIGNATURE_REGION_LENGTH__:0x400
                0x00000400                __USER_SIGNATURE_REGION_LENGTH__ = DEFINED (__USER_SIGNATURE_REGION_LENGTH__)?__USER_SIGNATURE_REGION_LENGTH__:0x400

.hash
 *(.hash)

.dynsym
 *(.dynsym)

.dynstr
 *(.dynstr)

.gnu.version
 *(.gnu.version)

.gnu.version_d
 *(.gnu.version_d)

.gnu.version_r
 *(.gnu.version_r)

.rel.init
 *(.rel.init)

.rela.init
 *(.rela.init)

.rel.text
 *(.rel.text)
 *(.rel.text.*)
 *(.rel.gnu.linkonce.t*)

.rela.text
 *(.rela.text)
 *(.rela.text.*)
 *(.rela.gnu.linkonce.t*)

.rel.fini
 *(.rel.fini)

.rela.fini
 *(.rela.fini)

.rel.rodata
 *(.rel.rodata)
 *(.rel.rodata.*)
 *(.rel.gnu.linkonce.r*)

.rela.rodata
 *(.rela.rodata)
 *(.rela.rodata.*)
 *(.rela.gnu.linkonce.r*)

.rel.data
 *(.rel.data)
 *(.rel.data.*)
 *(.rel.gnu.linkonce.d*)

.rela.data
 *(.rela.data)
 *(.rela.data.*)
 *(.rela.gnu.linkonce.d*)

.rel.ctors
 *(.rel.ctors)

.rela.ctors
 *(.rela.ctors)

.rel.dtors
 *(.rel.dtors)

.rela.dtors
 *(.rela.dtors)

.rel.got
 *(.rel.got)

.rela.got
 *(.rela.got)

.rel.bss
 *(.rel.bss)

.rela.bss
 *(.rela.bss)

.rel.plt
 *(.rel.plt)

.rela.plt
 *(.rela.plt)

.text           0x00000000     0x646e
 *(.vectors)
 .vectors       0x00000000       0xe4 C:/Program Files (x86)/Atmel/Studio/7.0/Packs/atmel/ATmega_DFP/1.7.374/gcc/dev/atmega2560/avr6/crtatmega2560.o
                0x00000000                __vector_default
                0x00000000                __vectors
 *(.vectors)
 *(.progmem.gcc*)
 .progmem.gcc_sw_table.prvProcessReceivedCommands
                0x000000e4       0x14 FreeRTOS/src/timers.o
 .progmem.gcc_sw_table.__vector_39
                0x000000f8       0xa2 ../drivers\libIotLibrary.a(twi.o)
 .progmem.gcc_fplib
                0x0000019a       0x28 c:/program files (x86)/atmel/studio/7.0/toolchain/avr8/avr8-gnu-toolchain/bin/../lib/gcc/avr/5.4.0/../../../../avr/lib/avr6\libm.a(exp.o)
 .progmem.gcc_fplib
                0x000001c2       0x5a c:/program files (x86)/atmel/studio/7.0/toolchain/avr8/avr8-gnu-toolchain/bin/../lib/gcc/avr/5.4.0/../../../../avr/lib/avr6\libm.a(log.o)
                0x0000021c                . = ALIGN (0x2)
                0x0000021c                __trampolines_start = .
 *(.trampolines)
 .trampolines   0x0000021c        0x0 linker stubs
 *(.trampolines*)
                0x0000021c                __trampolines_end = .
 *libprintf_flt.a:*(.progmem.data)
 *libc.a:*(.progmem.data)
 *(.progmem*)
                0x0000021c                . = ALIGN (0x2)
 *(.jumptables)
 *(.jumptables*)
 *(.lowtext)
 .lowtext       0x0000021c       0x14 FreeRTOS/src/tasks.o
 .lowtext       0x00000230       0x1e FreeRTOS/src/timers.o
 *(.lowtext*)
                0x0000024e                __ctors_start = .
 *(.ctors)
                0x0000024e                __ctors_end = .
                0x0000024e                __dtors_start = .
 *(.dtors)
                0x0000024e                __dtors_end = .
 SORT(*)(.ctors)
 SORT(*)(.dtors)
 *(.init0)
 .init0         0x0000024e        0x0 C:/Program Files (x86)/Atmel/Studio/7.0/Packs/atmel/ATmega_DFP/1.7.374/gcc/dev/atmega2560/avr6/crtatmega2560.o
                0x0000024e                __init
 *(.init0)
 *(.init1)
 *(.init1)
 *(.init2)
 .init2         0x0000024e       0x10 C:/Program Files (x86)/Atmel/Studio/7.0/Packs/atmel/ATmega_DFP/1.7.374/gcc/dev/atmega2560/avr6/crtatmega2560.o
 *(.init2)
 *(.init3)
 *(.init3)
 *(.init4)
 .init4         0x0000025e       0x1a c:/program files (x86)/atmel/studio/7.0/toolchain/avr8/avr8-gnu-toolchain/bin/../lib/gcc/avr/5.4.0/avr6\libgcc.a(_copy_data.o)
                0x0000025e                __do_copy_data
 .init4         0x00000278       0x10 c:/program files (x86)/atmel/studio/7.0/toolchain/avr8/avr8-gnu-toolchain/bin/../lib/gcc/avr/5.4.0/avr6\libgcc.a(_clear_bss.o)
                0x00000278                __do_clear_bss
 *(.init4)
 *(.init5)
 *(.init5)
 *(.init6)
 *(.init6)
 *(.init7)
 *(.init7)
 *(.init8)
 *(.init8)
 *(.init9)
 .init9         0x00000288        0x8 C:/Program Files (x86)/Atmel/Studio/7.0/Packs/atmel/ATmega_DFP/1.7.374/gcc/dev/atmega2560/avr6/crtatmega2560.o
 *(.init9)
 *(.text)
 .text          0x00000290        0x2 C:/Program Files (x86)/Atmel/Studio/7.0/Packs/atmel/ATmega_DFP/1.7.374/gcc/dev/atmega2560/avr6/crtatmega2560.o
                0x00000290                __vector_38
                0x00000290                __vector_22
                0x00000290                __vector_28
                0x00000290                __vector_1
                0x00000290                __vector_32
                0x00000290                __vector_34
                0x00000290                __vector_46
                0x00000290                __bad_interrupt
                0x00000290                __vector_6
                0x00000290                __vector_31
                0x00000290                __vector_35
                0x00000290                __vector_3
                0x00000290                __vector_23
                0x00000290                __vector_30
                0x00000290                __vector_45
                0x00000290                __vector_11
                0x00000290                __vector_13
                0x00000290                __vector_17
                0x00000290                __vector_19
                0x00000290                __vector_56
                0x00000290                __vector_7
                0x00000290                __vector_49
                0x00000290                __vector_41
                0x00000290                __vector_43
                0x00000290                __vector_27
                0x00000290                __vector_5
                0x00000290                __vector_33
                0x00000290                __vector_47
                0x00000290                __vector_4
                0x00000290                __vector_44
                0x00000290                __vector_9
                0x00000290                __vector_2
                0x00000290                __vector_15
                0x00000290                __vector_29
                0x00000290                __vector_40
                0x00000290                __vector_8
                0x00000290                __vector_48
                0x00000290                __vector_14
                0x00000290                __vector_53
                0x00000290                __vector_10
                0x00000290                __vector_50
                0x00000290                __vector_16
                0x00000290                __vector_18
                0x00000290                __vector_20
                0x00000290                __vector_42
                0x00000292                . = ALIGN (0x2)
 *(.text.*)
 .text.prvHeapInit
                0x00000292       0x52 FreeRTOS/src/heap_4.o
 .text.prvInsertBlockIntoFreeList
                0x000002e4       0x94 FreeRTOS/src/heap_4.o
 .text.pvPortMalloc
                0x00000378      0x152 FreeRTOS/src/heap_4.o
                0x00000378                pvPortMalloc
 .text.vPortFree
                0x000004ca       0x7a FreeRTOS/src/heap_4.o
                0x000004ca                vPortFree
 .text.vListInitialise
                0x00000544       0x22 FreeRTOS/src/list.o
                0x00000544                vListInitialise
 .text.vListInitialiseItem
                0x00000566        0x8 FreeRTOS/src/list.o
                0x00000566                vListInitialiseItem
 .text.vListInsert
                0x0000056e       0x7a FreeRTOS/src/list.o
                0x0000056e                vListInsert
 .text.uxListRemove
                0x000005e8       0x4e FreeRTOS/src/list.o
                0x000005e8                uxListRemove
 .text.prvSetupTimerInterrupt
                0x00000636       0x18 FreeRTOS/src/port.o
 .text.pxPortInitialiseStack
                0x0000064e       0x2e FreeRTOS/src/port.o
                0x0000064e                pxPortInitialiseStack
 .text.xPortStartScheduler
                0x0000067c       0x64 FreeRTOS/src/port.o
                0x0000067c                xPortStartScheduler
 .text.vPortYield
                0x000006e0       0xc2 FreeRTOS/src/port.o
                0x000006e0                vPortYield
 .text.vPortYieldFromTick
                0x000007a2       0xca FreeRTOS/src/port.o
                0x000007a2                vPortYieldFromTick
 .text.__vector_12
                0x0000086c        0x4 FreeRTOS/src/port.o
                0x0000086c                __vector_12
 .text.prvIsQueueEmpty
                0x00000870       0x1a FreeRTOS/src/queue.o
 .text.prvIsQueueFull
                0x0000088a       0x1c FreeRTOS/src/queue.o
 .text.prvCopyDataToQueue
                0x000008a6       0xbe FreeRTOS/src/queue.o
 .text.prvCopyDataFromQueue
                0x00000964       0x34 FreeRTOS/src/queue.o
 .text.prvUnlockQueue
                0x00000998       0x68 FreeRTOS/src/queue.o
 .text.xQueueGenericReset
                0x00000a00       0x86 FreeRTOS/src/queue.o
                0x00000a00                xQueueGenericReset
 .text.prvInitialiseNewQueue
                0x00000a86       0x24 FreeRTOS/src/queue.o
 .text.xQueueGenericCreate
                0x00000aaa       0x46 FreeRTOS/src/queue.o
                0x00000aaa                xQueueGenericCreate
 .text.xQueueGenericSend
                0x00000af0      0x124 FreeRTOS/src/queue.o
                0x00000af0                xQueueGenericSend
 .text.prvInitialiseMutex
                0x00000c14       0x24 FreeRTOS/src/queue.o
 .text.xQueueCreateMutex
                0x00000c38       0x18 FreeRTOS/src/queue.o
                0x00000c38                xQueueCreateMutex
 .text.xQueueGenericSendFromISR
                0x00000c50       0x76 FreeRTOS/src/queue.o
                0x00000c50                xQueueGenericSendFromISR
 .text.xQueueReceive
                0x00000cc6      0x11e FreeRTOS/src/queue.o
                0x00000cc6                xQueueReceive
 .text.vQueueWaitForMessageRestricted
                0x00000de4       0x38 FreeRTOS/src/queue.o
                0x00000de4                vQueueWaitForMessageRestricted
 .text.prvBytesInBuffer
                0x00000e1c       0x26 FreeRTOS/src/stream_buffer.o
 .text.prvInitialiseNewStreamBuffer
                0x00000e42       0x20 FreeRTOS/src/stream_buffer.o
 .text.prvWriteBytesToBuffer
                0x00000e62       0x92 FreeRTOS/src/stream_buffer.o
 .text.prvWriteMessageToBuffer
                0x00000ef4       0x86 FreeRTOS/src/stream_buffer.o
 .text.prvReadBytesFromBuffer
                0x00000f7a       0x9e FreeRTOS/src/stream_buffer.o
 .text.prvReadMessageFromBuffer
                0x00001018       0x8a FreeRTOS/src/stream_buffer.o
 .text.xStreamBufferGenericCreate
                0x000010a2       0x64 FreeRTOS/src/stream_buffer.o
                0x000010a2                xStreamBufferGenericCreate
 .text.xStreamBufferReset
                0x00001106       0x3c FreeRTOS/src/stream_buffer.o
                0x00001106                xStreamBufferReset
 .text.xStreamBufferSpacesAvailable
                0x00001142       0x24 FreeRTOS/src/stream_buffer.o
                0x00001142                xStreamBufferSpacesAvailable
 .text.xStreamBufferSend
                0x00001166      0x186 FreeRTOS/src/stream_buffer.o
                0x00001166                xStreamBufferSend
 .text.xStreamBufferSendFromISR
                0x000012ec       0x88 FreeRTOS/src/stream_buffer.o
                0x000012ec                xStreamBufferSendFromISR
 .text.xStreamBufferReceive
                0x00001374      0x102 FreeRTOS/src/stream_buffer.o
                0x00001374                xStreamBufferReceive
 .text.prvResetNextTaskUnblockTime
                0x00001476       0x4e FreeRTOS/src/tasks.o
 .text.prvDeleteTCB
                0x000014c4       0x1a FreeRTOS/src/tasks.o
 .text.prvInitialiseNewTask
                0x000014de       0xf8 FreeRTOS/src/tasks.o
 .text.prvInitialiseTaskLists
                0x000015d6       0x60 FreeRTOS/src/tasks.o
 .text.prvAddNewTaskToReadyList
                0x00001636       0xde FreeRTOS/src/tasks.o
 .text.prvCheckTasksWaitingTermination
                0x00001714       0x4a FreeRTOS/src/tasks.o
 .text.prvAddCurrentTaskToDelayedList
                0x0000175e      0x144 FreeRTOS/src/tasks.o
 .text.xTaskCreate
                0x000018a2       0x98 FreeRTOS/src/tasks.o
                0x000018a2                xTaskCreate
 .text.vTaskStartScheduler
                0x0000193a       0x70 FreeRTOS/src/tasks.o
                0x0000193a                vTaskStartScheduler
 .text.vTaskSuspendAll
                0x000019aa        0xc FreeRTOS/src/tasks.o
                0x000019aa                vTaskSuspendAll
 .text.xTaskGetTickCount
                0x000019b6       0x1c FreeRTOS/src/tasks.o
                0x000019b6                xTaskGetTickCount
 .text.xTaskIncrementTick
                0x000019d2      0x258 FreeRTOS/src/tasks.o
                0x000019d2                xTaskIncrementTick
 .text.xTaskResumeAll
                0x00001c2a      0x1b8 FreeRTOS/src/tasks.o
                0x00001c2a                xTaskResumeAll
 .text.xTaskDelayUntil
                0x00001de2       0xca FreeRTOS/src/tasks.o
                0x00001de2                xTaskDelayUntil
 .text.vTaskDelay
                0x00001eac       0x36 FreeRTOS/src/tasks.o
                0x00001eac                vTaskDelay
 .text.vTaskSwitchContext
                0x00001ee2       0xca FreeRTOS/src/tasks.o
                0x00001ee2                vTaskSwitchContext
 .text.vTaskPlaceOnEventList
                0x00001fac       0x2e FreeRTOS/src/tasks.o
                0x00001fac                vTaskPlaceOnEventList
 .text.vTaskPlaceOnEventListRestricted
                0x00001fda       0x84 FreeRTOS/src/tasks.o
                0x00001fda                vTaskPlaceOnEventListRestricted
 .text.xTaskRemoveFromEventList
                0x0000205e      0x15e FreeRTOS/src/tasks.o
                0x0000205e                xTaskRemoveFromEventList
 .text.vTaskSetTimeOutState
                0x000021bc       0x2c FreeRTOS/src/tasks.o
                0x000021bc                vTaskSetTimeOutState
 .text.vTaskInternalSetTimeOutState
                0x000021e8       0x22 FreeRTOS/src/tasks.o
                0x000021e8                vTaskInternalSetTimeOutState
 .text.xTaskCheckForTimeOut
                0x0000220a       0xcc FreeRTOS/src/tasks.o
                0x0000220a                xTaskCheckForTimeOut
 .text.vTaskMissedYield
                0x000022d6        0x8 FreeRTOS/src/tasks.o
                0x000022d6                vTaskMissedYield
 .text.xTaskGetCurrentTaskHandle
                0x000022de        0xa FreeRTOS/src/tasks.o
                0x000022de                xTaskGetCurrentTaskHandle
 .text.xTaskGetSchedulerState
                0x000022e8       0x1c FreeRTOS/src/tasks.o
                0x000022e8                xTaskGetSchedulerState
 .text.xTaskPriorityDisinherit
                0x00002304       0xb6 FreeRTOS/src/tasks.o
                0x00002304                xTaskPriorityDisinherit
 .text.xTaskGenericNotifyWait
                0x000023ba      0x14e FreeRTOS/src/tasks.o
                0x000023ba                xTaskGenericNotifyWait
 .text.xTaskGenericNotify
                0x00002508      0x1ee FreeRTOS/src/tasks.o
                0x00002508                xTaskGenericNotify
 .text.xTaskGenericNotifyFromISR
                0x000026f6      0x244 FreeRTOS/src/tasks.o
                0x000026f6                xTaskGenericNotifyFromISR
 .text.xTaskGenericNotifyStateClear
                0x0000293a       0x34 FreeRTOS/src/tasks.o
                0x0000293a                xTaskGenericNotifyStateClear
 .text.prvGetNextExpireTime
                0x0000296e       0x30 FreeRTOS/src/timers.o
 .text.prvInsertTimerInActiveList
                0x0000299e       0x92 FreeRTOS/src/timers.o
 .text.prvCheckForValidListAndQueue
                0x00002a30       0x52 FreeRTOS/src/timers.o
 .text.xTimerCreateTimerTask
                0x00002a82       0x42 FreeRTOS/src/timers.o
                0x00002a82                xTimerCreateTimerTask
 .text.xTimerGenericCommand
                0x00002ac4       0xbc FreeRTOS/src/timers.o
                0x00002ac4                xTimerGenericCommand
 .text.prvSwitchTimerLists
                0x00002b80       0xd0 FreeRTOS/src/timers.o
 .text.prvSampleTimeNow
                0x00002c50       0x5c FreeRTOS/src/timers.o
 .text.prvProcessExpiredTimer
                0x00002cac       0xac FreeRTOS/src/timers.o
 .text.prvProcessTimerOrBlockTask
                0x00002d58       0xae FreeRTOS/src/timers.o
 .text.prvProcessReceivedCommands
                0x00002e06      0x168 FreeRTOS/src/timers.o
 .text.vApplicationIdleHook
                0x00002f6e        0x2 FreeRTOS/src/variantHooks.o
                0x00002f6e                vApplicationIdleHook
 .text.prvSetMainLedOn
                0x00002f70        0xe FreeRTOS/src/variantHooks.o
                0x00002f70                prvSetMainLedOn
 .text.prvBlinkMainLed
                0x00002f7e        0x8 FreeRTOS/src/variantHooks.o
                0x00002f7e                prvBlinkMainLed
 .text.vApplicationMallocFailedHook
                0x00002f86       0x18 FreeRTOS/src/variantHooks.o
                0x00002f86                vApplicationMallocFailedHook
 .text.vApplicationStackOverflowHook
                0x00002f9e       0x18 FreeRTOS/src/variantHooks.o
                0x00002f9e                vApplicationStackOverflowHook
 .text._lora_setup
                0x00002fb6      0x188 LoRaWANHandler.o
 .text.lora_handler_task
                0x0000313e       0x9e LoRaWANHandler.o
                0x0000313e                lora_handler_task
 .text.lora_handler_initialise
                0x000031dc       0x28 LoRaWANHandler.o
                0x000031dc                lora_handler_initialise
 .text.tempAndHumidity
                0x00003204       0x80 main.o
                0x00003204                tempAndHumidity
 .text.create_tasks_and_semaphores
                0x00003284       0x56 main.o
                0x00003284                create_tasks_and_semaphores
 .text.initialiseSystem
                0x000032da       0x2c main.o
                0x000032da                initialiseSystem
 .text.main     0x00003306       0x10 main.o
                0x00003306                main
 .text._spiCallBack
                0x00003316       0x34 ../drivers\libIotLibrary.a(display_7seg.o)
 .text.display_7seg_displayErr
                0x0000334a       0x18 ../drivers\libIotLibrary.a(display_7seg.o)
                0x0000334a                display_7seg_displayErr
 .text.display_7seg_display
                0x00003362      0x154 ../drivers\libIotLibrary.a(display_7seg.o)
                0x00003362                display_7seg_display
 .text.display_7seg_powerUp
                0x000034b6        0x8 ../drivers\libIotLibrary.a(display_7seg.o)
                0x000034b6                display_7seg_powerUp
 .text.display_7seg_powerDown
                0x000034be        0xe ../drivers\libIotLibrary.a(display_7seg.o)
                0x000034be                display_7seg_powerDown
 .text.display_7seg_initialise
                0x000034cc       0x7c ../drivers\libIotLibrary.a(display_7seg.o)
                0x000034cc                display_7seg_initialise
 .text.__vector_21
                0x00003548       0xe2 ../drivers\libIotLibrary.a(display_7seg.o)
                0x00003548                __vector_21
 .text._hihTwiCallback
                0x0000362a       0x5a ../drivers\libIotLibrary.a(hih8120.o)
 .text.hih8120_initialise
                0x00003684       0x30 ../drivers\libIotLibrary.a(hih8120.o)
                0x00003684                hih8120_initialise
 .text.hih8120_wakeup
                0x000036b4       0x2a ../drivers\libIotLibrary.a(hih8120.o)
                0x000036b4                hih8120_wakeup
 .text.hih8120_measure
                0x000036de       0x22 ../drivers\libIotLibrary.a(hih8120.o)
                0x000036de                hih8120_measure
 .text.hih8120_getHumidity
                0x00003700       0x2a ../drivers\libIotLibrary.a(hih8120.o)
                0x00003700                hih8120_getHumidity
 .text.hih8120_getTemperature
                0x0000372a       0x36 ../drivers\libIotLibrary.a(hih8120.o)
                0x0000372a                hih8120_getTemperature
 .text._serialCallBack
                0x00003760       0x8c ../drivers\libIotLibrary.a(lora_driver.o)
 .text._uploadMessage
                0x000037ec       0xb4 ../drivers\libIotLibrary.a(lora_driver.o)
 .text._reply2ReturnCode
                0x000038a0       0xea ../drivers\libIotLibrary.a(lora_driver.o)
 .text._uploadMessageRc
                0x0000398a        0x6 ../drivers\libIotLibrary.a(lora_driver.o)
 .text.lora_driver_flushBuffers
                0x00003990        0xe ../drivers\libIotLibrary.a(lora_driver.o)
                0x00003990                lora_driver_flushBuffers
 .text.lora_driver_initialise
                0x0000399e       0x80 ../drivers\libIotLibrary.a(lora_driver.o)
                0x0000399e                lora_driver_initialise
 .text.lora_driver_resetRn2483
                0x00003a1e       0x1c ../drivers\libIotLibrary.a(lora_driver.o)
                0x00003a1e                lora_driver_resetRn2483
 .text.lora_driver_rn2483FactoryReset
                0x00003a3a       0x24 ../drivers\libIotLibrary.a(lora_driver.o)
                0x00003a3a                lora_driver_rn2483FactoryReset
 .text.lora_driver_getRn2483Hweui
                0x00003a5e       0x38 ../drivers\libIotLibrary.a(lora_driver.o)
                0x00003a5e                lora_driver_getRn2483Hweui
 .text.lora_driver_setDeviceIdentifier
                0x00003a96       0x22 ../drivers\libIotLibrary.a(lora_driver.o)
                0x00003a96                lora_driver_setDeviceIdentifier
 .text.lora_driver_setApplicationIdentifier
                0x00003ab8       0x22 ../drivers\libIotLibrary.a(lora_driver.o)
                0x00003ab8                lora_driver_setApplicationIdentifier
 .text.lora_driver_setApplicationKey
                0x00003ada       0x22 ../drivers\libIotLibrary.a(lora_driver.o)
                0x00003ada                lora_driver_setApplicationKey
 .text.lora_driver_saveMac
                0x00003afc        0xc ../drivers\libIotLibrary.a(lora_driver.o)
                0x00003afc                lora_driver_saveMac
 .text.lora_driver_join
                0x00003b08       0x52 ../drivers\libIotLibrary.a(lora_driver.o)
                0x00003b08                lora_driver_join
 .text.lora_driver_sendUploadMessage
                0x00003b5a      0x196 ../drivers\libIotLibrary.a(lora_driver.o)
                0x00003b5a                lora_driver_sendUploadMessage
 .text.lora_driver_setAdaptiveDataRate
                0x00003cf0       0x16 ../drivers\libIotLibrary.a(lora_driver.o)
                0x00003cf0                lora_driver_setAdaptiveDataRate
 .text.lora_driver_setReceiveDelay
                0x00003d06       0x30 ../drivers\libIotLibrary.a(lora_driver.o)
                0x00003d06                lora_driver_setReceiveDelay
 .text.lora_driver_configureToEu868
                0x00003d36      0x1bc ../drivers\libIotLibrary.a(lora_driver.o)
                0x00003d36                lora_driver_configureToEu868
 .text.lora_driver_setOtaaIdentity
                0x00003ef2       0x42 ../drivers\libIotLibrary.a(lora_driver.o)
                0x00003ef2                lora_driver_setOtaaIdentity
 .text.lora_driver_mapReturnCodeToText
                0x00003f34       0x18 ../drivers\libIotLibrary.a(lora_driver.o)
                0x00003f34                lora_driver_mapReturnCodeToText
 .text.decode_port_no
                0x00003f4c       0x58 ../drivers\libIotLibrary.a(lora_driver_utils.o)
                0x00003f4c                decode_port_no
 .text.decode_hexadecimal_string_bytes
                0x00003fa4       0x92 ../drivers\libIotLibrary.a(lora_driver_utils.o)
                0x00003fa4                decode_hexadecimal_string_bytes
 .text.serial_create
                0x00004036      0x150 ../drivers\libIotLibrary.a(serial.o)
                0x00004036                serial_create
 .text.serial_sendByte
                0x00004186       0x56 ../drivers\libIotLibrary.a(serial.o)
                0x00004186                serial_sendByte
 .text.serial_sendBytes
                0x000041dc       0xaa ../drivers\libIotLibrary.a(serial.o)
                0x000041dc                serial_sendBytes
 .text.serial_getByte
                0x00004286       0x40 ../drivers\libIotLibrary.a(serial.o)
                0x00004286                serial_getByte
 .text.__vector_25
                0x000042c6       0xa4 ../drivers\libIotLibrary.a(serial.o)
                0x000042c6                __vector_25
 .text.__vector_26
                0x0000436a       0x88 ../drivers\libIotLibrary.a(serial.o)
                0x0000436a                __vector_26
 .text.__vector_36
                0x000043f2       0xa4 ../drivers\libIotLibrary.a(serial.o)
                0x000043f2                __vector_36
 .text.__vector_37
                0x00004496       0x88 ../drivers\libIotLibrary.a(serial.o)
                0x00004496                __vector_37
 .text.__vector_51
                0x0000451e       0xa4 ../drivers\libIotLibrary.a(serial.o)
                0x0000451e                __vector_51
 .text.__vector_52
                0x000045c2       0x88 ../drivers\libIotLibrary.a(serial.o)
                0x000045c2                __vector_52
 .text.__vector_54
                0x0000464a       0xa4 ../drivers\libIotLibrary.a(serial.o)
                0x0000464a                __vector_54
 .text.__vector_55
                0x000046ee       0x88 ../drivers\libIotLibrary.a(serial.o)
                0x000046ee                __vector_55
 .text.usart_getchar
                0x00004776       0x2a ../drivers\libIotLibrary.a(stdio_driver.o)
 .text.usart_putchar
                0x000047a0       0x12 ../drivers\libIotLibrary.a(stdio_driver.o)
 .text.stdio_initialise
                0x000047b2       0x52 ../drivers\libIotLibrary.a(stdio_driver.o)
                0x000047b2                stdio_initialise
 .text._select_instance
                0x00004804       0x72 ../drivers\libIotLibrary.a(spi_iha.o)
 .text.spi_create
                0x00004876      0x1ae ../drivers\libIotLibrary.a(spi_iha.o)
                0x00004876                spi_create
 .text.spi_sendByte
                0x00004a24       0xea ../drivers\libIotLibrary.a(spi_iha.o)
                0x00004a24                spi_sendByte
 .text.__vector_24
                0x00004b0e      0x136 ../drivers\libIotLibrary.a(spi_iha.o)
                0x00004b0e                __vector_24
 .text._turn_off
                0x00004c44       0x98 ../drivers\libIotLibrary.a(status_leds.o)
 .text._turn_on
                0x00004cdc       0x98 ../drivers\libIotLibrary.a(status_leds.o)
 .text._hal_led_task
                0x00004d74       0x8c ../drivers\libIotLibrary.a(status_leds.o)
 .text.status_leds_initialise
                0x00004e00       0x9c ../drivers\libIotLibrary.a(status_leds.o)
                0x00004e00                status_leds_initialise
 .text.status_leds_slowBlink
                0x00004e9c       0x46 ../drivers\libIotLibrary.a(status_leds.o)
                0x00004e9c                status_leds_slowBlink
 .text.status_leds_fastBlink
                0x00004ee2       0x46 ../drivers\libIotLibrary.a(status_leds.o)
                0x00004ee2                status_leds_fastBlink
 .text.status_leds_ledOn
                0x00004f28       0x1e ../drivers\libIotLibrary.a(status_leds.o)
                0x00004f28                status_leds_ledOn
 .text.status_leds_ledOff
                0x00004f46       0x1e ../drivers\libIotLibrary.a(status_leds.o)
                0x00004f46                status_leds_ledOff
 .text.status_leds_longPuls
                0x00004f64       0x24 ../drivers\libIotLibrary.a(status_leds.o)
                0x00004f64                status_leds_longPuls
 .text.status_leds_shortPuls
                0x00004f88       0x22 ../drivers\libIotLibrary.a(status_leds.o)
                0x00004f88                status_leds_shortPuls
 .text._initTwiInterface
                0x00004faa       0x22 ../drivers\libIotLibrary.a(twi.o)
 .text.twiCreate
                0x00004fcc       0x9a ../drivers\libIotLibrary.a(twi.o)
                0x00004fcc                twiCreate
 .text.twiIsBusy
                0x00005066        0x8 ../drivers\libIotLibrary.a(twi.o)
                0x00005066                twiIsBusy
 .text.twiTransmit
                0x0000506e       0x98 ../drivers\libIotLibrary.a(twi.o)
                0x0000506e                twiTransmit
 .text.twiReceive
                0x00005106       0x66 ../drivers\libIotLibrary.a(twi.o)
                0x00005106                twiReceive
 .text.__vector_39
                0x0000516c      0x17a ../drivers\libIotLibrary.a(twi.o)
                0x0000516c                __vector_39
 .text.fifo_init
                0x000052e6       0x38 ../drivers\libIotLibrary.a(fifo.o)
                0x000052e6                fifo_init
 .text.avr-libc.fplib
                0x0000531e        0xa c:/program files (x86)/atmel/studio/7.0/toolchain/avr8/avr8-gnu-toolchain/bin/../lib/gcc/avr/5.4.0/../../../../avr/lib/avr6\libm.a(addsf3.o)
                0x0000531e                __subsf3
                0x00005320                __addsf3
 .text.avr-libc.fplib
                0x00005328       0xc0 c:/program files (x86)/atmel/studio/7.0/toolchain/avr8/avr8-gnu-toolchain/bin/../lib/gcc/avr/5.4.0/../../../../avr/lib/avr6\libm.a(addsf3x.o)
                0x00005342                __addsf3x
 .text.avr-libc.fplib
                0x000053e8        0x4 c:/program files (x86)/atmel/studio/7.0/toolchain/avr8/avr8-gnu-toolchain/bin/../lib/gcc/avr/5.4.0/../../../../avr/lib/avr6\libm.a(divsf3.o)
                0x000053e8                __divsf3
 .text.avr-libc.fplib
                0x000053ec       0xcc c:/program files (x86)/atmel/studio/7.0/toolchain/avr8/avr8-gnu-toolchain/bin/../lib/gcc/avr/5.4.0/../../../../avr/lib/avr6\libm.a(divsf3x.o)
                0x00005402                __divsf3x
                0x00005406                __divsf3_pse
 .text.avr-libc.fplib
                0x000054b8        0xa c:/program files (x86)/atmel/studio/7.0/toolchain/avr8/avr8-gnu-toolchain/bin/../lib/gcc/avr/5.4.0/../../../../avr/lib/avr6\libm.a(fixsfsi.o)
                0x000054b8                __fixsfsi
 .text.avr-libc.fplib
                0x000054c2       0x58 c:/program files (x86)/atmel/studio/7.0/toolchain/avr8/avr8-gnu-toolchain/bin/../lib/gcc/avr/5.4.0/../../../../avr/lib/avr6\libm.a(fixunssfsi.o)
                0x000054c2                __fixunssfsi
 .text.avr-libc.fplib
                0x0000551a       0x7a c:/program files (x86)/atmel/studio/7.0/toolchain/avr8/avr8-gnu-toolchain/bin/../lib/gcc/avr/5.4.0/../../../../avr/lib/avr6\libm.a(floatsisf.o)
                0x0000551a                __floatunsisf
                0x0000551e                __floatsisf
 .text.avr-libc.fplib
                0x00005594       0x26 c:/program files (x86)/atmel/studio/7.0/toolchain/avr8/avr8-gnu-toolchain/bin/../lib/gcc/avr/5.4.0/../../../../avr/lib/avr6\libm.a(floor.o)
                0x00005594                floor
 .text.avr-libc.fplib
                0x000055ba        0xc c:/program files (x86)/atmel/studio/7.0/toolchain/avr8/avr8-gnu-toolchain/bin/../lib/gcc/avr/5.4.0/../../../../avr/lib/avr6\libm.a(fp_inf.o)
                0x000055ba                __fp_inf
 .text.avr-libc.fplib
                0x000055c6       0x36 c:/program files (x86)/atmel/studio/7.0/toolchain/avr8/avr8-gnu-toolchain/bin/../lib/gcc/avr/5.4.0/../../../../avr/lib/avr6\libm.a(fp_mintl.o)
                0x000055c6                __fp_mintl
 .text.avr-libc.fplib
                0x000055fc       0x1c c:/program files (x86)/atmel/studio/7.0/toolchain/avr8/avr8-gnu-toolchain/bin/../lib/gcc/avr/5.4.0/../../../../avr/lib/avr6\libm.a(fp_mpack.o)
                0x000055fc                __fp_mpack
                0x00005600                __fp_mpack_finite
 .text.avr-libc.fplib
                0x00005618        0x6 c:/program files (x86)/atmel/studio/7.0/toolchain/avr8/avr8-gnu-toolchain/bin/../lib/gcc/avr/5.4.0/../../../../avr/lib/avr6\libm.a(fp_nan.o)
                0x00005618                __fp_nan
 .text.avr-libc.fplib
                0x0000561e        0xe c:/program files (x86)/atmel/studio/7.0/toolchain/avr8/avr8-gnu-toolchain/bin/../lib/gcc/avr/5.4.0/../../../../avr/lib/avr6\libm.a(fp_pscA.o)
                0x0000561e                __fp_pscA
 .text.avr-libc.fplib
                0x0000562c        0xe c:/program files (x86)/atmel/studio/7.0/toolchain/avr8/avr8-gnu-toolchain/bin/../lib/gcc/avr/5.4.0/../../../../avr/lib/avr6\libm.a(fp_pscB.o)
                0x0000562c                __fp_pscB
 .text.avr-libc.fplib
                0x0000563a       0x22 c:/program files (x86)/atmel/studio/7.0/toolchain/avr8/avr8-gnu-toolchain/bin/../lib/gcc/avr/5.4.0/../../../../avr/lib/avr6\libm.a(fp_round.o)
                0x0000563a                __fp_round
 .text.avr-libc.fplib
                0x0000565c       0x44 c:/program files (x86)/atmel/studio/7.0/toolchain/avr8/avr8-gnu-toolchain/bin/../lib/gcc/avr/5.4.0/../../../../avr/lib/avr6\libm.a(fp_split3.o)
                0x0000565c                __fp_split3
                0x0000566c                __fp_splitA
 .text.avr-libc.fplib
                0x000056a0       0x2e c:/program files (x86)/atmel/studio/7.0/toolchain/avr8/avr8-gnu-toolchain/bin/../lib/gcc/avr/5.4.0/../../../../avr/lib/avr6\libm.a(fp_trunc.o)
                0x000056a0                __fp_trunc
 .text.avr-libc.fplib
                0x000056ce        0xe c:/program files (x86)/atmel/studio/7.0/toolchain/avr8/avr8-gnu-toolchain/bin/../lib/gcc/avr/5.4.0/../../../../avr/lib/avr6\libm.a(fp_zero.o)
                0x000056ce                __fp_zero
                0x000056d0                __fp_szero
 .text.avr-libc.fplib
                0x000056dc        0x4 c:/program files (x86)/atmel/studio/7.0/toolchain/avr8/avr8-gnu-toolchain/bin/../lib/gcc/avr/5.4.0/../../../../avr/lib/avr6\libm.a(mulsf3.o)
                0x000056dc                __mulsf3
 .text.avr-libc.fplib
                0x000056e0       0xc2 c:/program files (x86)/atmel/studio/7.0/toolchain/avr8/avr8-gnu-toolchain/bin/../lib/gcc/avr/5.4.0/../../../../avr/lib/avr6\libm.a(mulsf3x.o)
                0x000056f4                __mulsf3x
                0x000056f8                __mulsf3_pse
 .text.avr-libc.fplib
                0x000057a2       0x98 c:/program files (x86)/atmel/studio/7.0/toolchain/avr8/avr8-gnu-toolchain/bin/../lib/gcc/avr/5.4.0/../../../../avr/lib/avr6\libm.a(pow.o)
                0x000057a2                pow
 .text.avr-libc.fplib
                0x0000583a       0x62 c:/program files (x86)/atmel/studio/7.0/toolchain/avr8/avr8-gnu-toolchain/bin/../lib/gcc/avr/5.4.0/../../../../avr/lib/avr6\libm.a(exp.o)
                0x00005844                exp
 .text.avr-libc.fplib
                0x0000589c       0x4a c:/program files (x86)/atmel/studio/7.0/toolchain/avr8/avr8-gnu-toolchain/bin/../lib/gcc/avr/5.4.0/../../../../avr/lib/avr6\libm.a(fp_powser.o)
                0x0000589c                __fp_powser
 .text.avr-libc.fplib
                0x000058e6        0xe c:/program files (x86)/atmel/studio/7.0/toolchain/avr8/avr8-gnu-toolchain/bin/../lib/gcc/avr/5.4.0/../../../../avr/lib/avr6\libm.a(inverse.o)
                0x000058e6                inverse
 .text.avr-libc.fplib
                0x000058f4       0x6c c:/program files (x86)/atmel/studio/7.0/toolchain/avr8/avr8-gnu-toolchain/bin/../lib/gcc/avr/5.4.0/../../../../avr/lib/avr6\libm.a(ldexp.o)
                0x000058f8                ldexp
 .text.avr-libc.fplib
                0x00005960       0x8a c:/program files (x86)/atmel/studio/7.0/toolchain/avr8/avr8-gnu-toolchain/bin/../lib/gcc/avr/5.4.0/../../../../avr/lib/avr6\libm.a(log.o)
                0x0000596a                log
 .text.avr-libc.fplib
                0x000059ea       0x66 c:/program files (x86)/atmel/studio/7.0/toolchain/avr8/avr8-gnu-toolchain/bin/../lib/gcc/avr/5.4.0/../../../../avr/lib/avr6\libm.a(modf.o)
                0x000059ea                modf
                0x000059ea                modff
 .text.libgcc.div
                0x00005a50       0x26 c:/program files (x86)/atmel/studio/7.0/toolchain/avr8/avr8-gnu-toolchain/bin/../lib/gcc/avr/5.4.0/avr6\libgcc.a(_divmodhi4.o)
                0x00005a50                _div
                0x00005a50                __divmodhi4
 .text.libgcc.div
                0x00005a76       0x44 c:/program files (x86)/atmel/studio/7.0/toolchain/avr8/avr8-gnu-toolchain/bin/../lib/gcc/avr/5.4.0/avr6\libgcc.a(_udivmodsi4.o)
                0x00005a76                __udivmodsi4
 .text.libgcc   0x00005aba       0x10 c:/program files (x86)/atmel/studio/7.0/toolchain/avr8/avr8-gnu-toolchain/bin/../lib/gcc/avr/5.4.0/avr6\libgcc.a(_tablejump2.o)
                0x00005aba                __tablejump2__
 .text.libgcc.div
                0x00005aca       0x28 c:/program files (x86)/atmel/studio/7.0/toolchain/avr8/avr8-gnu-toolchain/bin/../lib/gcc/avr/5.4.0/avr6\libgcc.a(_udivmodhi4.o)
                0x00005aca                __udivmodhi4
 .text.avr-libc
                0x00005af2       0x34 c:/program files (x86)/atmel/studio/7.0/toolchain/avr8/avr8-gnu-toolchain/bin/../lib/gcc/avr/5.4.0/../../../../avr/lib/avr6\libc.a(calloc.o)
                0x00005af2                calloc
 .text.avr-libc
                0x00005b26      0x242 c:/program files (x86)/atmel/studio/7.0/toolchain/avr8/avr8-gnu-toolchain/bin/../lib/gcc/avr/5.4.0/../../../../avr/lib/avr6\libc.a(malloc.o)
                0x00005b26                malloc
                0x00005c56                free
 .text.avr-libc
                0x00005d68        0x8 c:/program files (x86)/atmel/studio/7.0/toolchain/avr8/avr8-gnu-toolchain/bin/../lib/gcc/avr/5.4.0/../../../../avr/lib/avr6\libc.a(abort.o)
                0x00005d68                abort
 .text.avr-libc
                0x00005d70       0x12 c:/program files (x86)/atmel/studio/7.0/toolchain/avr8/avr8-gnu-toolchain/bin/../lib/gcc/avr/5.4.0/../../../../avr/lib/avr6\libc.a(memcpy.o)
                0x00005d70                memcpy
 .text.avr-libc
                0x00005d82        0xe c:/program files (x86)/atmel/studio/7.0/toolchain/avr8/avr8-gnu-toolchain/bin/../lib/gcc/avr/5.4.0/../../../../avr/lib/avr6\libc.a(memset.o)
                0x00005d82                memset
 .text.avr-libc
                0x00005d90       0x4a c:/program files (x86)/atmel/studio/7.0/toolchain/avr8/avr8-gnu-toolchain/bin/../lib/gcc/avr/5.4.0/../../../../avr/lib/avr6\libc.a(strcasestr.o)
                0x00005d90                strcasestr
 .text.avr-libc
                0x00005dda       0x16 c:/program files (x86)/atmel/studio/7.0/toolchain/avr8/avr8-gnu-toolchain/bin/../lib/gcc/avr/5.4.0/../../../../avr/lib/avr6\libc.a(strcat.o)
                0x00005dda                strcat
 .text.avr-libc
                0x00005df0        0xe c:/program files (x86)/atmel/studio/7.0/toolchain/avr8/avr8-gnu-toolchain/bin/../lib/gcc/avr/5.4.0/../../../../avr/lib/avr6\libc.a(strcpy.o)
                0x00005df0                strcpy
 .text.avr-libc
                0x00005dfe       0x30 c:/program files (x86)/atmel/studio/7.0/toolchain/avr8/avr8-gnu-toolchain/bin/../lib/gcc/avr/5.4.0/../../../../avr/lib/avr6\libc.a(strncasecmp.o)
                0x00005dfe                strncasecmp
 .text.avr-libc
                0x00005e2e       0x26 c:/program files (x86)/atmel/studio/7.0/toolchain/avr8/avr8-gnu-toolchain/bin/../lib/gcc/avr/5.4.0/../../../../avr/lib/avr6\libc.a(printf.o)
                0x00005e2e                printf
 .text.avr-libc
                0x00005e54       0x60 c:/program files (x86)/atmel/studio/7.0/toolchain/avr8/avr8-gnu-toolchain/bin/../lib/gcc/avr/5.4.0/../../../../avr/lib/avr6\libc.a(puts.o)
                0x00005e54                puts
 .text.avr-libc
                0x00005eb4       0x5c c:/program files (x86)/atmel/studio/7.0/toolchain/avr8/avr8-gnu-toolchain/bin/../lib/gcc/avr/5.4.0/../../../../avr/lib/avr6\libc.a(sprintf.o)
                0x00005eb4                sprintf
 .text.avr-libc
                0x00005f10      0x3fa c:/program files (x86)/atmel/studio/7.0/toolchain/avr8/avr8-gnu-toolchain/bin/../lib/gcc/avr/5.4.0/../../../../avr/lib/avr6\libc.a(vfprintf_std.o)
                0x00005f10                vfprintf
 .text.avr-libc
                0x0000630a       0x16 c:/program files (x86)/atmel/studio/7.0/toolchain/avr8/avr8-gnu-toolchain/bin/../lib/gcc/avr/5.4.0/../../../../avr/lib/avr6\libc.a(strnlen_P.o)
                0x0000630a                strnlen_P
 .text.avr-libc
                0x00006320       0x16 c:/program files (x86)/atmel/studio/7.0/toolchain/avr8/avr8-gnu-toolchain/bin/../lib/gcc/avr/5.4.0/../../../../avr/lib/avr6\libc.a(strnlen.o)
                0x00006320                strnlen
 .text.avr-libc
                0x00006336       0x78 c:/program files (x86)/atmel/studio/7.0/toolchain/avr8/avr8-gnu-toolchain/bin/../lib/gcc/avr/5.4.0/../../../../avr/lib/avr6\libc.a(fputc.o)
                0x00006336                fputc
 .text.avr-libc
                0x000063ae       0xbc c:/program files (x86)/atmel/studio/7.0/toolchain/avr8/avr8-gnu-toolchain/bin/../lib/gcc/avr/5.4.0/../../../../avr/lib/avr6\libc.a(ultoa_invert.o)
                0x000063ae                __ultoa_invert
                0x0000646a                . = ALIGN (0x2)
 *(.fini9)
 .fini9         0x0000646a        0x0 c:/program files (x86)/atmel/studio/7.0/toolchain/avr8/avr8-gnu-toolchain/bin/../lib/gcc/avr/5.4.0/avr6\libgcc.a(_exit.o)
                0x0000646a                _exit
                0x0000646a                exit
 *(.fini9)
 *(.fini8)
 *(.fini8)
 *(.fini7)
 *(.fini7)
 *(.fini6)
 *(.fini6)
 *(.fini5)
 *(.fini5)
 *(.fini4)
 *(.fini4)
 *(.fini3)
 *(.fini3)
 *(.fini2)
 *(.fini2)
 *(.fini1)
 *(.fini1)
 *(.fini0)
 .fini0         0x0000646a        0x4 c:/program files (x86)/atmel/studio/7.0/toolchain/avr8/avr8-gnu-toolchain/bin/../lib/gcc/avr/5.4.0/avr6\libgcc.a(_exit.o)
 *(.fini0)
                0x0000646e                _etext = .

.data           0x00800200      0x4a0 load address 0x0000646e
                0x00800200                PROVIDE (__data_start, .)
 *(.data)
 .data          0x00800200        0x6 c:/program files (x86)/atmel/studio/7.0/toolchain/avr8/avr8-gnu-toolchain/bin/../lib/gcc/avr/5.4.0/../../../../avr/lib/avr6\libc.a(malloc.o)
                0x00800200                __malloc_heap_end
                0x00800202                __malloc_heap_start
                0x00800204                __malloc_margin
 *(.data*)
 .data.uxTopUsedPriority
                0x00800206        0x1 FreeRTOS/src/tasks.o
                0x00800206                uxTopUsedPriority
 .data._temp    0x00800207        0x2 ../drivers\libIotLibrary.a(hih8120.o)
 .data._hum     0x00800209        0x2 ../drivers\libIotLibrary.a(hih8120.o)
 .data._com_port_2_udr
                0x0080020b        0x8 ../drivers\libIotLibrary.a(serial.o)
                0x0080020b                _com_port_2_udr
 .data.mystdout.1882
                0x00800213        0xe ../drivers\libIotLibrary.a(stdio_driver.o)
 .data._twiCurrentState
                0x00800221        0x1 ../drivers\libIotLibrary.a(twi.o)
 *(.gnu.linkonce.d*)
 *(.rodata)
 .rodata        0x00800222       0x20 ../drivers\libIotLibrary.a(lora_driver.o)
 *(.rodata*)
 .rodata.str1.1
                0x00800242        0x5 FreeRTOS/src/tasks.o
 .rodata.str1.1
                0x00800247        0x8 FreeRTOS/src/timers.o
 .rodata.str1.1
                0x0080024f      0x149 LoRaWANHandler.o
 .rodata.str1.1
                0x00800398       0x1d main.o
                                 0x1e (size before relaxing)
 .rodata._int2Seg
                0x008003b5       0x10 ../drivers\libIotLibrary.a(display_7seg.o)
 .rodata.str1.1
                0x008003c5      0x295 ../drivers\libIotLibrary.a(lora_driver.o)
                                0x2a5 (size before relaxing)
 .rodata._joinMode
                0x0080065a        0x4 ../drivers\libIotLibrary.a(lora_driver.o)
 .rodata._returnCode
                0x0080065e       0x33 ../drivers\libIotLibrary.a(lora_driver.o)
                0x0080065e                _returnCode
 .rodata._prescaler_mask
                0x00800691        0x7 ../drivers\libIotLibrary.a(spi_iha.o)
 .rodata.str1.1
                0x00800698        0x8 ../drivers\libIotLibrary.a(status_leds.o)
 *(.gnu.linkonce.r*)
                0x008006a0                . = ALIGN (0x2)
                0x008006a0                _edata = .
                0x008006a0                PROVIDE (__data_end, .)

.bss            0x008006a0     0x101c
                0x008006a0                PROVIDE (__bss_start, .)
 *(.bss)
 *(.bss*)
 .bss.xBlockAllocatedBit
                0x008006a0        0x2 FreeRTOS/src/heap_4.o
 .bss.xNumberOfSuccessfulFrees
                0x008006a2        0x2 FreeRTOS/src/heap_4.o
 .bss.xNumberOfSuccessfulAllocations
                0x008006a4        0x2 FreeRTOS/src/heap_4.o
 .bss.xMinimumEverFreeBytesRemaining
                0x008006a6        0x2 FreeRTOS/src/heap_4.o
 .bss.xFreeBytesRemaining
                0x008006a8        0x2 FreeRTOS/src/heap_4.o
 .bss.pxEnd     0x008006aa        0x2 FreeRTOS/src/heap_4.o
 .bss.xStart    0x008006ac        0x4 FreeRTOS/src/heap_4.o
 .bss.ucHeap    0x008006b0      0xdac FreeRTOS/src/heap_4.o
 .bss.uxSchedulerSuspended
                0x0080145c        0x1 FreeRTOS/src/tasks.o
 .bss.xIdleTaskHandle
                0x0080145d        0x2 FreeRTOS/src/tasks.o
 .bss.xNextTaskUnblockTime
                0x0080145f        0x4 FreeRTOS/src/tasks.o
 .bss.uxTaskNumber
                0x00801463        0x1 FreeRTOS/src/tasks.o
 .bss.xNumOfOverflows
                0x00801464        0x1 FreeRTOS/src/tasks.o
 .bss.xYieldPending
                0x00801465        0x1 FreeRTOS/src/tasks.o
 .bss.xPendedTicks
                0x00801466        0x4 FreeRTOS/src/tasks.o
 .bss.xSchedulerRunning
                0x0080146a        0x1 FreeRTOS/src/tasks.o
 .bss.uxTopReadyPriority
                0x0080146b        0x1 FreeRTOS/src/tasks.o
 .bss.xTickCount
                0x0080146c        0x4 FreeRTOS/src/tasks.o
 .bss.uxCurrentNumberOfTasks
                0x00801470        0x1 FreeRTOS/src/tasks.o
 .bss.xSuspendedTaskList
                0x00801471        0xb FreeRTOS/src/tasks.o
 .bss.uxDeletedTasksWaitingCleanUp
                0x0080147c        0x1 FreeRTOS/src/tasks.o
 .bss.xTasksWaitingTermination
                0x0080147d        0xb FreeRTOS/src/tasks.o
 .bss.xPendingReadyList
                0x00801488        0xb FreeRTOS/src/tasks.o
 .bss.pxOverflowDelayedTaskList
                0x00801493        0x2 FreeRTOS/src/tasks.o
 .bss.pxDelayedTaskList
                0x00801495        0x2 FreeRTOS/src/tasks.o
 .bss.xDelayedTaskList2
                0x00801497        0xb FreeRTOS/src/tasks.o
 .bss.xDelayedTaskList1
                0x008014a2        0xb FreeRTOS/src/tasks.o
 .bss.pxReadyTasksLists
                0x008014ad       0x6e FreeRTOS/src/tasks.o
 .bss.pxCurrentTCB
                0x0080151b        0x2 FreeRTOS/src/tasks.o
                0x0080151b                pxCurrentTCB
 .bss.xLastTime.2436
                0x0080151d        0x4 FreeRTOS/src/timers.o
 .bss.xTimerTaskHandle
                0x00801521        0x2 FreeRTOS/src/timers.o
 .bss.xTimerQueue
                0x00801523        0x2 FreeRTOS/src/timers.o
 .bss.pxOverflowTimerList
                0x00801525        0x2 FreeRTOS/src/timers.o
 .bss.pxCurrentTimerList
                0x00801527        0x2 FreeRTOS/src/timers.o
 .bss.xActiveTimerList2
                0x00801529        0xb FreeRTOS/src/timers.o
 .bss.xActiveTimerList1
                0x00801534        0xb FreeRTOS/src/timers.o
 .bss._uplink_payload
                0x0080153f       0x16 LoRaWANHandler.o
 .bss._displayDoneCallBack
                0x00801555        0x2 ../drivers\libIotLibrary.a(display_7seg.o)
 .bss._scrollIndex
                0x00801557        0x1 ../drivers\libIotLibrary.a(display_7seg.o)
 .bss._maxHexSegmentindex
                0x00801558        0x1 ../drivers\libIotLibrary.a(display_7seg.o)
 .bss._intCounter
                0x00801559        0x2 ../drivers\libIotLibrary.a(display_7seg.o)
 .bss._hexSegments
                0x0080155b       0x26 ../drivers\libIotLibrary.a(display_7seg.o)
 .bss._digitSegments
                0x00801581        0x4 ../drivers\libIotLibrary.a(display_7seg.o)
 .bss._digitNo  0x00801585        0x1 ../drivers\libIotLibrary.a(display_7seg.o)
 .bss._spi      0x00801586        0x2 ../drivers\libIotLibrary.a(display_7seg.o)
 .bss._measuringIsReady
                0x00801588        0x1 ../drivers\libIotLibrary.a(hih8120.o)
 .bss._hih8120Handler
                0x00801589        0x2 ../drivers\libIotLibrary.a(hih8120.o)
 .bss._tmp_buf.2871
                0x0080158b       0x37 ../drivers\libIotLibrary.a(lora_driver.o)
 .bss.rec_buf_inp.2878
                0x008015c2        0x1 ../drivers\libIotLibrary.a(lora_driver.o)
 .bss._downlinkMessageBuffer
                0x008015c3        0x2 ../drivers\libIotLibrary.a(lora_driver.o)
 .bss._serialReplyBufferHandle
                0x008015c5        0x2 ../drivers\libIotLibrary.a(lora_driver.o)
 .bss._rn2483_serial
                0x008015c7        0x2 ../drivers\libIotLibrary.a(lora_driver.o)
 .bss._downlinkPayload
                0x008015c9       0x16 ../drivers\libIotLibrary.a(lora_driver.o)
 .bss._payLoadHexBytes
                0x008015df       0x15 ../drivers\libIotLibrary.a(lora_driver.o)
 .bss._recMessageBuf
                0x008015f4       0x2d ../drivers\libIotLibrary.a(lora_driver.o)
 .bss._sendMessage
                0x00801621       0x2d ../drivers\libIotLibrary.a(lora_driver.o)
 .bss._replyMess
                0x0080164e       0x2d ../drivers\libIotLibrary.a(lora_driver.o)
 .bss._ser_handle
                0x0080167b        0x8 ../drivers\libIotLibrary.a(serial.o)
 .bss._com_serial_instance
                0x00801683        0x2 ../drivers\libIotLibrary.a(stdio_driver.o)
 .bss._initialised
                0x00801685        0x1 ../drivers\libIotLibrary.a(spi_iha.o)
 .bss._this     0x00801686        0x2 ../drivers\libIotLibrary.a(spi_iha.o)
 .bss._spi_active
                0x00801688        0x1 ../drivers\libIotLibrary.a(spi_iha.o)
 .bss._led_status
                0x00801689       0x18 ../drivers\libIotLibrary.a(status_leds.o)
 .bss._index.1885
                0x008016a1        0x1 ../drivers\libIotLibrary.a(twi.o)
 .bss._twiCurrentHandler
                0x008016a2        0x2 ../drivers\libIotLibrary.a(twi.o)
 .bss._twiMessageLen
                0x008016a4        0x1 ../drivers\libIotLibrary.a(twi.o)
 .bss._twiMessageBuffer
                0x008016a5        0xa ../drivers\libIotLibrary.a(twi.o)
 .bss._twiIsInitiated
                0x008016af        0x1 ../drivers\libIotLibrary.a(twi.o)
 *(COMMON)
 COMMON         0x008016b0        0x2 main.o
                0x008016b0                xTestSemaphore
 COMMON         0x008016b2        0x4 c:/program files (x86)/atmel/studio/7.0/toolchain/avr8/avr8-gnu-toolchain/bin/../lib/gcc/avr/5.4.0/../../../../avr/lib/avr6\libc.a(malloc.o)
                0x008016b2                __brkval
                0x008016b4                __flp
 COMMON         0x008016b6        0x6 c:/program files (x86)/atmel/studio/7.0/toolchain/avr8/avr8-gnu-toolchain/bin/../lib/gcc/avr/5.4.0/../../../../avr/lib/avr6\libc.a(iob.o)
                0x008016b6                __iob
                0x008016bc                PROVIDE (__bss_end, .)
                0x0000646e                __data_load_start = LOADADDR (.data)
                0x0000690e                __data_load_end = (__data_load_start + SIZEOF (.data))

.noinit         0x008016bc        0x0
                [!provide]                PROVIDE (__noinit_start, .)
 *(.noinit*)
                [!provide]                PROVIDE (__noinit_end, .)
                0x008016bc                _end = .
                0x008016bc                PROVIDE (__heap_start, .)

.eeprom         0x00810000        0x0
 *(.eeprom*)
                0x00810000                __eeprom_end = .

.fuse
 *(.fuse)
 *(.lfuse)
 *(.hfuse)
 *(.efuse)

.lock
 *(.lock*)

.signature
 *(.signature*)

.user_signatures
 *(.user_signatures*)

.stab
 *(.stab)

.stabstr
 *(.stabstr)

.stab.excl
 *(.stab.excl)

.stab.exclstr
 *(.stab.exclstr)

.stab.index
 *(.stab.index)

.stab.indexstr
 *(.stab.indexstr)

.comment        0x00000000       0x5c
 *(.comment)
 .comment       0x00000000       0x30 FreeRTOS/src/heap_4.o
                                 0x31 (size before relaxing)
 .comment       0x00000030       0x31 FreeRTOS/src/list.o
 .comment       0x00000030       0x31 FreeRTOS/src/port.o
 .comment       0x00000030       0x31 FreeRTOS/src/queue.o
 .comment       0x00000030       0x31 FreeRTOS/src/stream_buffer.o
 .comment       0x00000030       0x31 FreeRTOS/src/tasks.o
 .comment       0x00000030       0x31 FreeRTOS/src/timers.o
 .comment       0x00000030       0x31 FreeRTOS/src/variantHooks.o
 .comment       0x00000030       0x31 LoRaWANHandler.o
 .comment       0x00000030       0x31 main.o
 .comment       0x00000030       0x31 ../drivers\libIotLibrary.a(display_7seg.o)
 .comment       0x00000030       0x31 ../drivers\libIotLibrary.a(hih8120.o)
 .comment       0x00000030       0x31 ../drivers\libIotLibrary.a(lora_driver.o)
 .comment       0x00000030       0x31 ../drivers\libIotLibrary.a(lora_driver_utils.o)
 .comment       0x00000030       0x31 ../drivers\libIotLibrary.a(serial.o)
 .comment       0x00000030       0x31 ../drivers\libIotLibrary.a(stdio_driver.o)
 .comment       0x00000030       0x31 ../drivers\libIotLibrary.a(spi_iha.o)
 .comment       0x00000030       0x31 ../drivers\libIotLibrary.a(status_leds.o)
 .comment       0x00000030       0x31 ../drivers\libIotLibrary.a(twi.o)
 .comment       0x00000030       0x31 ../drivers\libIotLibrary.a(fifo.o)
 .comment       0x00000030       0x31 c:/program files (x86)/atmel/studio/7.0/toolchain/avr8/avr8-gnu-toolchain/bin/../lib/gcc/avr/5.4.0/../../../../avr/lib/avr6\libc.a(calloc.o)
 .comment       0x00000030       0x31 c:/program files (x86)/atmel/studio/7.0/toolchain/avr8/avr8-gnu-toolchain/bin/../lib/gcc/avr/5.4.0/../../../../avr/lib/avr6\libc.a(malloc.o)
 .comment       0x00000030       0x31 c:/program files (x86)/atmel/studio/7.0/toolchain/avr8/avr8-gnu-toolchain/bin/../lib/gcc/avr/5.4.0/../../../../avr/lib/avr6\libc.a(iob.o)
 .comment       0x00000030       0x31 c:/program files (x86)/atmel/studio/7.0/toolchain/avr8/avr8-gnu-toolchain/bin/../lib/gcc/avr/5.4.0/../../../../avr/lib/avr6\libc.a(printf.o)
 .comment       0x00000030       0x31 c:/program files (x86)/atmel/studio/7.0/toolchain/avr8/avr8-gnu-toolchain/bin/../lib/gcc/avr/5.4.0/../../../../avr/lib/avr6\libc.a(puts.o)
 .comment       0x00000030       0x31 c:/program files (x86)/atmel/studio/7.0/toolchain/avr8/avr8-gnu-toolchain/bin/../lib/gcc/avr/5.4.0/../../../../avr/lib/avr6\libc.a(sprintf.o)
 .comment       0x00000030       0x2c c:/program files (x86)/atmel/studio/7.0/toolchain/avr8/avr8-gnu-toolchain/bin/../lib/gcc/avr/5.4.0/../../../../avr/lib/avr6\libc.a(vfprintf_std.o)
                                 0x2d (size before relaxing)
 .comment       0x0000005c       0x31 c:/program files (x86)/atmel/studio/7.0/toolchain/avr8/avr8-gnu-toolchain/bin/../lib/gcc/avr/5.4.0/../../../../avr/lib/avr6\libc.a(fputc.o)

.note.gnu.avr.deviceinfo
                0x00000000       0x40
 .note.gnu.avr.deviceinfo
                0x00000000       0x40 C:/Program Files (x86)/Atmel/Studio/7.0/Packs/atmel/ATmega_DFP/1.7.374/gcc/dev/atmega2560/avr6/crtatmega2560.o

.note.gnu.build-id
 *(.note.gnu.build-id)

.debug
 *(.debug)

.line
 *(.line)

.debug_srcinfo
 *(.debug_srcinfo)

.debug_sfnames
 *(.debug_sfnames)

.debug_aranges  0x00000000      0x9f0
 *(.debug_aranges)
 .debug_aranges
                0x00000000       0x58 FreeRTOS/src/heap_4.o
 .debug_aranges
                0x00000058       0x40 FreeRTOS/src/list.o
 .debug_aranges
                0x00000098       0x58 FreeRTOS/src/port.o
 .debug_aranges
                0x000000f0       0xf8 FreeRTOS/src/queue.o
 .debug_aranges
                0x000001e8       0xc0 FreeRTOS/src/stream_buffer.o
 .debug_aranges
                0x000002a8      0x1d0 FreeRTOS/src/tasks.o
 .debug_aranges
                0x00000478       0xc8 FreeRTOS/src/timers.o
 .debug_aranges
                0x00000540       0x40 FreeRTOS/src/variantHooks.o
 .debug_aranges
                0x00000580       0x30 LoRaWANHandler.o
 .debug_aranges
                0x000005b0       0x40 main.o
 .debug_aranges
                0x000005f0       0x58 ../drivers\libIotLibrary.a(display_7seg.o)
 .debug_aranges
                0x00000648       0x68 ../drivers\libIotLibrary.a(hih8120.o)
 .debug_aranges
                0x000006b0      0x138 ../drivers\libIotLibrary.a(lora_driver.o)
 .debug_aranges
                0x000007e8       0x28 ../drivers\libIotLibrary.a(lora_driver_utils.o)
 .debug_aranges
                0x00000810       0x90 ../drivers\libIotLibrary.a(serial.o)
 .debug_aranges
                0x000008a0       0x38 ../drivers\libIotLibrary.a(stdio_driver.o)
 .debug_aranges
                0x000008d8       0x40 ../drivers\libIotLibrary.a(spi_iha.o)
 .debug_aranges
                0x00000918       0x68 ../drivers\libIotLibrary.a(status_leds.o)
 .debug_aranges
                0x00000980       0x50 ../drivers\libIotLibrary.a(twi.o)
 .debug_aranges
                0x000009d0       0x20 ../drivers\libIotLibrary.a(fifo.o)

.debug_pubnames
 *(.debug_pubnames)

.debug_info     0x00000000     0xcf78
 *(.debug_info .gnu.linkonce.wi.*)
 .debug_info    0x00000000      0xbbc C:/Program Files (x86)/Atmel/Studio/7.0/Packs/atmel/ATmega_DFP/1.7.374/gcc/dev/atmega2560/avr6/crtatmega2560.o
 .debug_info    0x00000bbc      0x4e6 FreeRTOS/src/heap_4.o
 .debug_info    0x000010a2      0x2e7 FreeRTOS/src/list.o
 .debug_info    0x00001389      0x2ff FreeRTOS/src/port.o
 .debug_info    0x00001688     0x17e6 FreeRTOS/src/queue.o
 .debug_info    0x00002e6e     0x13df FreeRTOS/src/stream_buffer.o
 .debug_info    0x0000424d     0x2239 FreeRTOS/src/tasks.o
 .debug_info    0x00006486     0x10dd FreeRTOS/src/timers.o
 .debug_info    0x00007563      0x20f FreeRTOS/src/variantHooks.o
 .debug_info    0x00007772      0x77d LoRaWANHandler.o
 .debug_info    0x00007eef      0x619 main.o
 .debug_info    0x00008508      0x5b8 ../drivers\libIotLibrary.a(display_7seg.o)
 .debug_info    0x00008ac0      0x3a9 ../drivers\libIotLibrary.a(hih8120.o)
 .debug_info    0x00008e69     0x1747 ../drivers\libIotLibrary.a(lora_driver.o)
 .debug_info    0x0000a5b0      0x143 ../drivers\libIotLibrary.a(lora_driver_utils.o)
 .debug_info    0x0000a6f3      0xd9c ../drivers\libIotLibrary.a(serial.o)
 .debug_info    0x0000b48f      0x3b6 ../drivers\libIotLibrary.a(stdio_driver.o)
 .debug_info    0x0000b845      0xaf1 ../drivers\libIotLibrary.a(spi_iha.o)
 .debug_info    0x0000c336      0x522 ../drivers\libIotLibrary.a(status_leds.o)
 .debug_info    0x0000c858      0x55d ../drivers\libIotLibrary.a(twi.o)
 .debug_info    0x0000cdb5      0x1c3 ../drivers\libIotLibrary.a(fifo.o)

.debug_abbrev   0x00000000     0x323b
 *(.debug_abbrev)
 .debug_abbrev  0x00000000      0xb1a C:/Program Files (x86)/Atmel/Studio/7.0/Packs/atmel/ATmega_DFP/1.7.374/gcc/dev/atmega2560/avr6/crtatmega2560.o
 .debug_abbrev  0x00000b1a      0x200 FreeRTOS/src/heap_4.o
 .debug_abbrev  0x00000d1a       0xff FreeRTOS/src/list.o
 .debug_abbrev  0x00000e19      0x179 FreeRTOS/src/port.o
 .debug_abbrev  0x00000f92      0x241 FreeRTOS/src/queue.o
 .debug_abbrev  0x000011d3      0x246 FreeRTOS/src/stream_buffer.o
 .debug_abbrev  0x00001419      0x2c8 FreeRTOS/src/tasks.o
 .debug_abbrev  0x000016e1      0x28c FreeRTOS/src/timers.o
 .debug_abbrev  0x0000196d       0xff FreeRTOS/src/variantHooks.o
 .debug_abbrev  0x00001a6c      0x1b6 LoRaWANHandler.o
 .debug_abbrev  0x00001c22      0x1a5 main.o
 .debug_abbrev  0x00001dc7      0x21f ../drivers\libIotLibrary.a(display_7seg.o)
 .debug_abbrev  0x00001fe6      0x184 ../drivers\libIotLibrary.a(hih8120.o)
 .debug_abbrev  0x0000216a      0x33b ../drivers\libIotLibrary.a(lora_driver.o)
 .debug_abbrev  0x000024a5       0xc0 ../drivers\libIotLibrary.a(lora_driver_utils.o)
 .debug_abbrev  0x00002565      0x355 ../drivers\libIotLibrary.a(serial.o)
 .debug_abbrev  0x000028ba      0x1b3 ../drivers\libIotLibrary.a(stdio_driver.o)
 .debug_abbrev  0x00002a6d      0x2f8 ../drivers\libIotLibrary.a(spi_iha.o)
 .debug_abbrev  0x00002d65      0x1d7 ../drivers\libIotLibrary.a(status_leds.o)
 .debug_abbrev  0x00002f3c      0x217 ../drivers\libIotLibrary.a(twi.o)
 .debug_abbrev  0x00003153       0xe8 ../drivers\libIotLibrary.a(fifo.o)

.debug_line     0x00000000     0x6602
 *(.debug_line .debug_line.* .debug_line_end)
 .debug_line    0x00000000      0x1fa C:/Program Files (x86)/Atmel/Studio/7.0/Packs/atmel/ATmega_DFP/1.7.374/gcc/dev/atmega2560/avr6/crtatmega2560.o
 .debug_line    0x000001fa      0x41f FreeRTOS/src/heap_4.o
 .debug_line    0x00000619      0x1db FreeRTOS/src/list.o
 .debug_line    0x000007f4      0x28a FreeRTOS/src/port.o
 .debug_line    0x00000a7e      0xbe3 FreeRTOS/src/queue.o
 .debug_line    0x00001661      0x79a FreeRTOS/src/stream_buffer.o
 .debug_line    0x00001dfb     0x15ba FreeRTOS/src/tasks.o
 .debug_line    0x000033b5      0x624 FreeRTOS/src/timers.o
 .debug_line    0x000039d9      0x1af FreeRTOS/src/variantHooks.o
 .debug_line    0x00003b88      0x257 LoRaWANHandler.o
 .debug_line    0x00003ddf      0x289 main.o
 .debug_line    0x00004068      0x3e1 ../drivers\libIotLibrary.a(display_7seg.o)
 .debug_line    0x00004449      0x24a ../drivers\libIotLibrary.a(hih8120.o)
 .debug_line    0x00004693      0x9aa ../drivers\libIotLibrary.a(lora_driver.o)
 .debug_line    0x0000503d      0x195 ../drivers\libIotLibrary.a(lora_driver_utils.o)
 .debug_line    0x000051d2      0x6a1 ../drivers\libIotLibrary.a(serial.o)
 .debug_line    0x00005873      0x146 ../drivers\libIotLibrary.a(stdio_driver.o)
 .debug_line    0x000059b9      0x4e6 ../drivers\libIotLibrary.a(spi_iha.o)
 .debug_line    0x00005e9f      0x32c ../drivers\libIotLibrary.a(status_leds.o)
 .debug_line    0x000061cb      0x31c ../drivers\libIotLibrary.a(twi.o)
 .debug_line    0x000064e7      0x11b ../drivers\libIotLibrary.a(fifo.o)

.debug_frame    0x00000000     0x24d0
 *(.debug_frame)
 .debug_frame   0x00000000       0xfc FreeRTOS/src/heap_4.o
 .debug_frame   0x000000fc       0x90 FreeRTOS/src/list.o
 .debug_frame   0x0000018c       0x94 FreeRTOS/src/port.o
 .debug_frame   0x00000220      0x3a4 FreeRTOS/src/queue.o
 .debug_frame   0x000005c4      0x40c FreeRTOS/src/stream_buffer.o
 .debug_frame   0x000009d0      0x7a0 FreeRTOS/src/tasks.o
 .debug_frame   0x00001170      0x3ac FreeRTOS/src/timers.o
 .debug_frame   0x0000151c       0x64 FreeRTOS/src/variantHooks.o
 .debug_frame   0x00001580       0x80 LoRaWANHandler.o
 .debug_frame   0x00001600       0x94 main.o
 .debug_frame   0x00001694      0x14c ../drivers\libIotLibrary.a(display_7seg.o)
 .debug_frame   0x000017e0       0xc0 ../drivers\libIotLibrary.a(hih8120.o)
 .debug_frame   0x000018a0      0x460 ../drivers\libIotLibrary.a(lora_driver.o)
 .debug_frame   0x00001d00       0x48 ../drivers\libIotLibrary.a(lora_driver_utils.o)
 .debug_frame   0x00001d48      0x384 ../drivers\libIotLibrary.a(serial.o)
 .debug_frame   0x000020cc       0x94 ../drivers\libIotLibrary.a(stdio_driver.o)
 .debug_frame   0x00002160      0x134 ../drivers\libIotLibrary.a(spi_iha.o)
 .debug_frame   0x00002294       0xec ../drivers\libIotLibrary.a(status_leds.o)
 .debug_frame   0x00002380      0x12c ../drivers\libIotLibrary.a(twi.o)
 .debug_frame   0x000024ac       0x24 ../drivers\libIotLibrary.a(fifo.o)

.debug_str      0x00000000     0x40c9
 *(.debug_str)
 .debug_str     0x00000000      0x3e6 C:/Program Files (x86)/Atmel/Studio/7.0/Packs/atmel/ATmega_DFP/1.7.374/gcc/dev/atmega2560/avr6/crtatmega2560.o
 .debug_str     0x000003e6      0x435 FreeRTOS/src/heap_4.o
                                0x479 (size before relaxing)
 .debug_str     0x0000081b      0x135 FreeRTOS/src/list.o
                                0x2b5 (size before relaxing)
 .debug_str     0x00000950      0x16e FreeRTOS/src/port.o
                                0x2ea (size before relaxing)
 .debug_str     0x00000abe      0x672 FreeRTOS/src/queue.o
                                0x929 (size before relaxing)
 .debug_str     0x00001130      0x4ed FreeRTOS/src/stream_buffer.o
                                0x7b2 (size before relaxing)
 .debug_str     0x0000161d      0x941 FreeRTOS/src/tasks.o
                                0xf4a (size before relaxing)
 .debug_str     0x00001f5e      0x414 FreeRTOS/src/timers.o
                                0x820 (size before relaxing)
 .debug_str     0x00002372       0x81 FreeRTOS/src/variantHooks.o
                                0x261 (size before relaxing)
 .debug_str     0x000023f3      0x47a LoRaWANHandler.o
                                0x664 (size before relaxing)
 .debug_str     0x0000286d      0x230 main.o
                                0x46e (size before relaxing)
 .debug_str     0x00002a9d      0x392 ../drivers\libIotLibrary.a(display_7seg.o)
                                0x493 (size before relaxing)
 .debug_str     0x00002e2f      0x1f9 ../drivers\libIotLibrary.a(hih8120.o)
                                0x45c (size before relaxing)
 .debug_str     0x00003028      0x6ab ../drivers\libIotLibrary.a(lora_driver.o)
                                0xcdb (size before relaxing)
 .debug_str     0x000036d3       0x4f ../drivers\libIotLibrary.a(lora_driver_utils.o)
                                0x206 (size before relaxing)
 .debug_str     0x00003722      0x2d0 ../drivers\libIotLibrary.a(serial.o)
                                0x628 (size before relaxing)
 .debug_str     0x000039f2       0xa6 ../drivers\libIotLibrary.a(stdio_driver.o)
                                0x37d (size before relaxing)
 .debug_str     0x00003a98      0x229 ../drivers\libIotLibrary.a(spi_iha.o)
                                0x623 (size before relaxing)
 .debug_str     0x00003cc1       0xf7 ../drivers\libIotLibrary.a(status_leds.o)
                                0x381 (size before relaxing)
 .debug_str     0x00003db8      0x2ef ../drivers\libIotLibrary.a(twi.o)
                                0x5b4 (size before relaxing)
 .debug_str     0x000040a7       0x22 ../drivers\libIotLibrary.a(fifo.o)
                                0x239 (size before relaxing)

.debug_loc      0x00000000     0xc055
 *(.debug_loc)
 .debug_loc     0x00000000      0x4be FreeRTOS/src/heap_4.o
 .debug_loc     0x000004be      0x17d FreeRTOS/src/list.o
 .debug_loc     0x0000063b       0xf6 FreeRTOS/src/port.o
 .debug_loc     0x00000731     0x1abd FreeRTOS/src/queue.o
 .debug_loc     0x000021ee     0x1daf FreeRTOS/src/stream_buffer.o
 .debug_loc     0x00003f9d     0x2a07 FreeRTOS/src/tasks.o
 .debug_loc     0x000069a4     0x10f3 FreeRTOS/src/timers.o
 .debug_loc     0x00007a97       0xdc FreeRTOS/src/variantHooks.o
 .debug_loc     0x00007b73      0x174 LoRaWANHandler.o
 .debug_loc     0x00007ce7      0x174 main.o
 .debug_loc     0x00007e5b      0x76a ../drivers\libIotLibrary.a(display_7seg.o)
 .debug_loc     0x000085c5       0x9f ../drivers\libIotLibrary.a(hih8120.o)
 .debug_loc     0x00008664     0x1216 ../drivers\libIotLibrary.a(lora_driver.o)
 .debug_loc     0x0000987a      0x1d2 ../drivers\libIotLibrary.a(lora_driver_utils.o)
 .debug_loc     0x00009a4c     0x114c ../drivers\libIotLibrary.a(serial.o)
 .debug_loc     0x0000ab98      0x18c ../drivers\libIotLibrary.a(stdio_driver.o)
 .debug_loc     0x0000ad24      0x9cc ../drivers\libIotLibrary.a(spi_iha.o)
 .debug_loc     0x0000b6f0      0x292 ../drivers\libIotLibrary.a(status_leds.o)
 .debug_loc     0x0000b982      0x575 ../drivers\libIotLibrary.a(twi.o)
 .debug_loc     0x0000bef7      0x15e ../drivers\libIotLibrary.a(fifo.o)

.debug_macinfo
 *(.debug_macinfo)

.debug_weaknames
 *(.debug_weaknames)

.debug_funcnames
 *(.debug_funcnames)

.debug_typenames
 *(.debug_typenames)

.debug_varnames
 *(.debug_varnames)

.debug_pubtypes
 *(.debug_pubtypes)

.debug_ranges   0x00000000      0x9c0
 *(.debug_ranges)
 .debug_ranges  0x00000000       0x48 FreeRTOS/src/heap_4.o
 .debug_ranges  0x00000048       0x30 FreeRTOS/src/list.o
 .debug_ranges  0x00000078       0x48 FreeRTOS/src/port.o
 .debug_ranges  0x000000c0      0x130 FreeRTOS/src/queue.o
 .debug_ranges  0x000001f0       0xb0 FreeRTOS/src/stream_buffer.o
 .debug_ranges  0x000002a0      0x200 FreeRTOS/src/tasks.o
 .debug_ranges  0x000004a0       0xb8 FreeRTOS/src/timers.o
 .debug_ranges  0x00000558       0x30 FreeRTOS/src/variantHooks.o
 .debug_ranges  0x00000588       0x20 LoRaWANHandler.o
 .debug_ranges  0x000005a8       0x30 main.o
 .debug_ranges  0x000005d8       0x48 ../drivers\libIotLibrary.a(display_7seg.o)
 .debug_ranges  0x00000620       0x58 ../drivers\libIotLibrary.a(hih8120.o)
 .debug_ranges  0x00000678      0x128 ../drivers\libIotLibrary.a(lora_driver.o)
 .debug_ranges  0x000007a0       0x30 ../drivers\libIotLibrary.a(lora_driver_utils.o)
 .debug_ranges  0x000007d0       0x98 ../drivers\libIotLibrary.a(serial.o)
 .debug_ranges  0x00000868       0x28 ../drivers\libIotLibrary.a(stdio_driver.o)
 .debug_ranges  0x00000890       0x88 ../drivers\libIotLibrary.a(spi_iha.o)
 .debug_ranges  0x00000918       0x58 ../drivers\libIotLibrary.a(status_leds.o)
 .debug_ranges  0x00000970       0x40 ../drivers\libIotLibrary.a(twi.o)
 .debug_ranges  0x000009b0       0x10 ../drivers\libIotLibrary.a(fifo.o)

.debug_macro
 *(.debug_macro)
OUTPUT(Semester4.elf elf32-avr)
LOAD linker stubs
